clang -emit-llvm -O0 -c tst-params.c -o tst-params.bc
opt -mem2reg tst-params.bc > tst-params.mem2reg
mv tst-params.mem2reg tst-params.bc
llc -optimize-regalloc=0 -load Debug/lib/P4.so -regalloc=gc tst-params.bc

INITIAL LIVE RANGES FOR FUNCTION f

Physical Registers
R2: { %36 %37 }
R43: { %37 }
R46: { %1 %2 %3 }
R46: { %33 %34 %35 %36 %37 }
R47: { %1 %2 %3 %4 %5 %6 }
R48: { %1 %2 %3 %4 }
R48: { %32 %33 %34 %35 %36 %37 }
R49: { %7 }
R49: { %29 }
R49: { %38 }
R53: { %1 %2 %3 %4 %5 }
R53: { %31 %32 %33 %34 %35 %36 %37 }
R76: { %1 %2 }
R76: { %34 %35 %36 %37 }
R80: { %1 }
R80: { %35 %36 %37 }
R110: { %30 %31 %32 %33 %34 %35 %36 %37 }
R115: { %1 %2 %3 %4 %5 %6 %7 }
R115: { %7 %8 %9 %10 %11 %12 %13 %14 %15 %16 %17 %18 %19 %20 %21 %22 %23 %24 %25 %26 %27 %28 %29 %30 %31 %32 %33 %34 %35 %36 %37 }
R115: { %37 %38 }
R115: { %38 }

Virtual Registers
%0: { %6 %7 %8 %9 %10 %11 %12 %13 %14 %15 %16 %17 %18 %19 %20 %21 %22 %23 %24 %25 %26 %27 %28 %29 %30 %31 }
%1: { %5 %6 %7 %8 %9 %10 %11 %12 %13 %14 %15 %16 %17 %18 %19 %20 %21 %22 %23 %24 %25 %26 %27 %28 %29 %30 %31 %32 }
%2: { %4 %5 %6 %7 %8 %9 %10 %11 %12 %13 %14 %15 %16 %17 %18 %19 %20 %21 %22 %23 %24 %25 %26 %27 %28 %29 %30 %31 %32 %33 }
%3: { %3 %4 %5 %6 %7 %8 %9 %10 %11 %12 %13 %14 %15 %16 %17 %18 %19 %20 %21 %22 %23 %24 %25 %26 %27 %28 %29 %30 %31 %32 %33 %34 }
%4: { %2 %3 %4 %5 %6 %7 %8 %9 %10 %11 %12 %13 %14 %15 %16 %17 %18 %19 %20 %21 %22 %23 %24 %25 %26 %27 %28 %29 %30 %31 %32 %33 %34 %35 }
%5: { %1 %2 %3 %4 %5 %6 %7 %8 %9 %10 %11 %12 %13 %14 %15 %16 %17 %18 %19 %20 %21 %22 %23 %24 %25 %26 %27 }
%6: { %8 %9 %10 %11 %12 %13 %14 %15 %16 %17 %18 %19 %20 %21 %22 %23 %24 %25 }
%7: { %9 %10 %11 %12 %13 %14 %15 %16 %17 %18 %19 %20 %21 %22 %23 %24 }
%8: { %10 %11 %12 %13 %14 %15 %16 %17 %18 %19 %20 %21 %22 %23 }
%9: { %11 %12 %13 %14 %15 %16 %17 %18 %19 %20 %21 %22 }
%10: { %12 %13 %14 %15 %16 %17 %18 %19 %20 %21 }
%11: { %13 %14 %15 %16 %17 %18 %19 %20 }
%12: { %14 %15 %16 %17 %18 %19 }
%13: { %15 %16 %17 %18 }
%14: { %16 %17 %18 %19 %20 %21 %22 %23 %24 %25 %26 %27 }
%15: { %17 %18 %19 %20 %21 %22 %23 %24 %25 %26 }
%16: { %28 %29 %30 }
%17: { %29 %30 %31 %32 %33 %34 %35 %36 }


FINAL LIVE RANGES FOR FUNCTION f

Physical Registers
R2: { %36 %37 }
R43: { %37 }
R46: { %1 %2 %3 }
R46: { %33 %34 %35 %36 %37 }
R47: { %1 %2 %3 %4 %5 %6 }
R48: { %1 %2 %3 %4 }
R48: { %32 %33 %34 %35 %36 %37 }
R49: { %7 }
R49: { %29 }
R49: { %38 }
R53: { %1 %2 %3 %4 %5 }
R53: { %31 %32 %33 %34 %35 %36 %37 }
R76: { %1 %2 }
R76: { %34 %35 %36 %37 }
R80: { %1 }
R80: { %35 %36 %37 }
R110: { %30 %31 %32 %33 %34 %35 %36 %37 }
R115: { %1 %2 %3 %4 %5 %6 %7 %8 %9 %10 %11 %12 %13 %14 %15 %16 %17 %18 %19 %20 %21 %22 %23 %24 %25 %26 %27 %28 %29 %30 %31 %32 %33 %34 %35 %36 %37 %38 }

Virtual Registers
%0: { %6 %7 %8 %9 %10 %11 %12 %13 %14 %15 %16 %17 %18 %19 %20 %21 %22 %23 %24 %25 %26 %27 %28 %29 %30 %31 }
%1: { %5 %6 %7 %8 %9 %10 %11 %12 %13 %14 %15 %16 %17 %18 %19 %20 %21 %22 %23 %24 %25 %26 %27 %28 %29 %30 %31 %32 }
%2: { %4 %5 %6 %7 %8 %9 %10 %11 %12 %13 %14 %15 %16 %17 %18 %19 %20 %21 %22 %23 %24 %25 %26 %27 %28 %29 %30 %31 %32 %33 }
%3: { %3 %4 %5 %6 %7 %8 %9 %10 %11 %12 %13 %14 %15 %16 %17 %18 %19 %20 %21 %22 %23 %24 %25 %26 %27 %28 %29 %30 %31 %32 %33 %34 }
%4: { %2 %3 %4 %5 %6 %7 %8 %9 %10 %11 %12 %13 %14 %15 %16 %17 %18 %19 %20 %21 %22 %23 %24 %25 %26 %27 %28 %29 %30 %31 %32 %33 %34 %35 }
%5: { %1 %2 %3 %4 %5 %6 %7 %8 %9 %10 %11 %12 %13 %14 %15 %16 %17 %18 %19 %20 %21 %22 %23 %24 %25 %26 %27 }
%6: { %8 %9 %10 %11 %12 %13 %14 %15 %16 %17 %18 %19 %20 %21 %22 %23 %24 %25 }
%7: { %9 %10 %11 %12 %13 %14 %15 %16 %17 %18 %19 %20 %21 %22 %23 %24 }
%8: { %10 %11 %12 %13 %14 %15 %16 %17 %18 %19 %20 %21 %22 %23 }
%9: { %11 %12 %13 %14 %15 %16 %17 %18 %19 %20 %21 %22 }
%10: { %12 %13 %14 %15 %16 %17 %18 %19 %20 %21 }
%11: { %13 %14 %15 %16 %17 %18 %19 %20 }
%12: { %14 %15 %16 %17 %18 %19 }
%13: { %15 %16 %17 %18 }
%14: { %16 %17 %18 %19 %20 %21 %22 %23 %24 %25 %26 %27 }
%15: { %17 %18 %19 %20 %21 %22 %23 %24 %25 %26 }
%16: { %28 %29 %30 }
%17: { %29 %30 %31 %32 %33 %34 %35 %36 }


INITIAL LIVE RANGES FOR FUNCTION main

Physical Registers
R43: { %27 %28 }
R46: { %21 %22 %23 %24 }
R47: { %18 %19 %20 %21 %22 %23 %24 }
R48: { %20 %21 %22 %23 %24 }
R49: { %1 }
R49: { %25 }
R49: { %26 }
R53: { %19 %20 %21 %22 %23 %24 }
R76: { %22 %23 %24 }
R80: { %23 %24 }
R115: { %1 }
R115: { %1 %2 %3 %4 %5 %6 %7 %8 %9 %10 %11 %12 %13 %14 %15 %16 %17 %18 %19 %20 %21 %22 %23 %24 }
R115: { %24 %25 }
R115: { %25 }

Virtual Registers
%0: { %2 %3 %4 %5 %6 %7 %8 %9 %10 %11 }
%1: { %12 %13 %14 %15 %16 %17 %18 }
%2: { %13 %14 %15 %16 %17 %18 %19 }
%3: { %14 %15 %16 %17 %18 %19 %20 }
%4: { %15 %16 %17 %18 %19 %20 %21 }
%5: { %16 %17 %18 %19 %20 %21 %22 }
%6: { %17 %18 %19 %20 %21 %22 %23 }
%7: { %26 %27 }


FINAL LIVE RANGES FOR FUNCTION main

Physical Registers
R43: { %27 %28 }
R46: { %21 %22 %23 %24 }
R47: { %18 %19 %20 %21 %22 %23 %24 }
R48: { %20 %21 %22 %23 %24 }
R49: { %1 }
R49: { %25 }
R49: { %26 }
R53: { %19 %20 %21 %22 %23 %24 }
R76: { %22 %23 %24 }
R80: { %23 %24 }
R115: { %1 %2 %3 %4 %5 %6 %7 %8 %9 %10 %11 %12 %13 %14 %15 %16 %17 %18 %19 %20 %21 %22 %23 %24 %25 }

Virtual Registers
%0: { %2 %3 %4 %5 %6 %7 %8 %9 %10 %11 }
%1: { %12 %13 %14 %15 %16 %17 %18 }
%2: { %13 %14 %15 %16 %17 %18 %19 }
%3: { %14 %15 %16 %17 %18 %19 %20 }
%4: { %15 %16 %17 %18 %19 %20 %21 }
%5: { %16 %17 %18 %19 %20 %21 %22 }
%6: { %17 %18 %19 %20 %21 %22 %23 }
%7: { %26 %27 }

gcc -lm tst-params.s -o tst-params.exe
