clang -emit-llvm -O0 -c mbr1.c -o mbr1.bc
opt -mem2reg mbr1.bc > mbr1.mem2reg
mv mbr1.mem2reg mbr1.bc
llc -optimize-regalloc=0 -load Debug/lib/P4.so -regalloc=gc mbr1.bc

INTERFERENCE GRAPH FOR FUNCTION foo

Physical Registers
R2's neighbors: { R43 %18 }
R43's neighbors: { R2 }
R46's neighbors: { %10 }
R47's neighbors: { %7 %8 %9 %10 }
R49's neighbors: { }
R49's neighbors: { }
R49's neighbors: { }
R49's neighbors: { }
R49's neighbors: { }
R49's neighbors: { }
R49's neighbors: { }
R49's neighbors: { }
R49's neighbors: { }
R53's neighbors: { %8 %9 %10 }
R110's neighbors: { %17 %18 }
R111's neighbors: { %9 %10 }
R115's neighbors: { }

Virtual Registers
%0's neighbors: { %7 %8 %9 %20 }
%1's neighbors: { %7 %8 %9 %20 }
%2's neighbors: { %7 %8 %9 %20 }
%3's neighbors: { %9 %16 %20 }
%4's neighbors: { %9 %15 %20 }
%5's neighbors: { %9 %14 %20 }
%6's neighbors: { %9 %20 }
%7's neighbors: { R47 %0 %1 %2 %8 %9 %10 %11 %12 %14 %15 %16 }
%8's neighbors: { R47 R53 %0 %1 %2 %7 %9 %10 %11 %12 %14 %15 %16 }
%9's neighbors: { R47 R53 R111 %0 %1 %2 %3 %4 %5 %6 %7 %8 %10 %11 %12 %14 %15 %16 %20 }
%10's neighbors: { R46 R47 R53 R111 %7 %8 %9 %12 }
%11's neighbors: { %7 %8 %9 %12 }
%12's neighbors: { %7 %8 %9 %10 %11 }
%14's neighbors: { %5 %7 %8 %9 }
%15's neighbors: { %4 %7 %8 %9 }
%16's neighbors: { %3 %7 %8 %9 }
%17's neighbors: { R110 %18 }
%18's neighbors: { R2 R110 %17 }
%20's neighbors: { %0 %1 %2 %3 %4 %5 %6 %9 }

INTERFERENCE GRAPH FOR FUNCTION main

Physical Registers
R2's neighbors: { R43 %10 }
R43's neighbors: { R2 }
R43's neighbors: { %12 }
R46's neighbors: { %0 %2 %3 }
R46's neighbors: { %0 %2 %4 %6 }
R46's neighbors: { %4 }
R47's neighbors: { %0 %1 %2 %3 }
R47's neighbors: { %0 %2 %4 %5 %6 }
R47's neighbors: { %0 %2 %4 %7 }
R49's neighbors: { }
R49's neighbors: { }
R49's neighbors: { }
R49's neighbors: { }
R49's neighbors: { }
R49's neighbors: { }
R49's neighbors: { }
R49's neighbors: { }
R49's neighbors: { }
R53's neighbors: { %0 %1 %2 %3 }
R53's neighbors: { %0 %2 %4 %5 %6 }
R53's neighbors: { %0 %2 %4 }
R53's neighbors: { %9 %10 }
R110's neighbors: { %8 %9 %10 }
R111's neighbors: { %0 %2 %3 }
R111's neighbors: { %0 %2 %4 %6 }
R111's neighbors: { %2 %4 }
R115's neighbors: { }

Virtual Registers
%0's neighbors: { R46 R46 R47 R47 R47 R53 R53 R53 R111 R111 %1 %2 %3 %4 %5 %6 %7 }
%1's neighbors: { R47 R53 %0 %2 %3 }
%2's neighbors: { R46 R46 R47 R47 R47 R53 R53 R53 R111 R111 R111 %0 %1 %3 %4 %5 %6 %7 }
%3's neighbors: { R46 R47 R53 R111 %0 %1 %2 }
%4's neighbors: { R46 R46 R47 R47 R53 R53 R111 R111 %0 %2 %5 %6 %7 }
%5's neighbors: { R47 R53 %0 %2 %4 %6 }
%6's neighbors: { R46 R47 R53 R111 %0 %2 %4 %5 }
%7's neighbors: { R47 %0 %2 %4 }
%8's neighbors: { R110 %9 %10 }
%9's neighbors: { R53 R110 %8 %10 }
%10's neighbors: { R2 R53 R110 %8 %9 }
%12's neighbors: { R43 }
gcc -lm mbr1.s -o mbr1.exe
