clang -emit-llvm -O0 -c tcas.c -o tcas.bc
tcas.c:185:25: warning: field '__cd' with variable sized type 'struct __gconv_info' not at the end of a struct or class is a GNU extension [-Wgnu]
    struct __gconv_info __cd;
                        ^
tcas.c:480:13: warning: implicit declaration of function 'Own_Below_Threat' is invalid in C99 [-Wimplicit-function-declaration]
 result = !(Own_Below_Threat()) || ((Own_Below_Threat()) && (!(Down_Separation >= ALIM())));
            ^
tcas.c:484:11: warning: implicit declaration of function 'Own_Above_Threat' is invalid in C99 [-Wimplicit-function-declaration]
 result = Own_Above_Threat() && (Cur_Vertical_Sep >= 300) && (Up_Separation >= ALIM());
          ^
tcas.c:536:1: warning: type specifier missing, defaults to 'int' [-Wimplicit-int]
main(argc, argv)
^~~~
tcas.c:547:2: warning: implicitly declaring library function 'exit' with type 'void (int) __attribute__((noreturn))'
 exit(1);
 ^
tcas.c:547:2: note: please include the header <stdlib.h> or explicitly provide a declaration for 'exit'
tcas.c:550:24: warning: implicit declaration of function 'atoi' is invalid in C99 [-Wimplicit-function-declaration]
    Cur_Vertical_Sep = atoi(argv[1]);
                       ^
6 warnings generated.
opt -mem2reg tcas.bc > tcas.mem2reg
mv tcas.mem2reg tcas.bc
llc -optimize-regalloc=0 -load Debug/lib/P4.so -regalloc=gc tcas.bc

INTERFERENCE GRAPH FOR FUNCTION initialize

Physical Registers
R112's neighbors: { }

Virtual Registers
%0's neighbors: { }
%1's neighbors: { }

INTERFERENCE GRAPH FOR FUNCTION ALIM

Physical Registers
R43's neighbors: { %1 }
R112's neighbors: { }

Virtual Registers
%0's neighbors: { %1 }
%1's neighbors: { R43 %0 }

INTERFERENCE GRAPH FOR FUNCTION Inhibit_Biased_Climb

Physical Registers
R43's neighbors: { %2 }
R49's neighbors: { }
R112's neighbors: { }

Virtual Registers
%0's neighbors: { %3 %4 }
%1's neighbors: { %4 }
%2's neighbors: { R43 %4 }
%3's neighbors: { %0 }
%4's neighbors: { %0 %1 %2 }

INTERFERENCE GRAPH FOR FUNCTION Non_Crossing_Biased_Climb

Physical Registers
R43's neighbors: { %7 }
R43's neighbors: { %18 }
R43's neighbors: { %20 }
R43's neighbors: { %21 %22 }
R43's neighbors: { %10 }
R43's neighbors: { %14 %15 }
R43's neighbors: { %6 }
R49's neighbors: { }
R49's neighbors: { }
R49's neighbors: { }
R49's neighbors: { }
R49's neighbors: { }
R49's neighbors: { }
R49's neighbors: { }
R49's neighbors: { }
R49's neighbors: { }
R49's neighbors: { }
R49's neighbors: { }
R49's neighbors: { }
R49's neighbors: { }
R49's neighbors: { }
R49's neighbors: { }
R49's neighbors: { }
R49's neighbors: { }
R49's neighbors: { }
R49's neighbors: { }
R49's neighbors: { }
R49's neighbors: { }
R112's neighbors: { }
R115's neighbors: { }

Virtual Registers
%0's neighbors: { %24 }
%1's neighbors: { %2 %24 }
%2's neighbors: { %1 %26 }
%3's neighbors: { %25 }
%4's neighbors: { %5 %25 }
%5's neighbors: { %4 %26 }
%6's neighbors: { R43 %26 }
%7's neighbors: { R43 }
%9's neighbors: { %10 %25 }
%10's neighbors: { R43 %9 }
%14's neighbors: { R43 %15 }
%15's neighbors: { R43 %14 }
%17's neighbors: { %18 %24 }
%18's neighbors: { R43 %17 }
%19's neighbors: { %20 %24 }
%20's neighbors: { R43 %19 }
%21's neighbors: { R43 %22 }
%22's neighbors: { R43 %21 }
%24's neighbors: { %0 %1 %17 %19 }
%25's neighbors: { %3 %4 %9 }
%26's neighbors: { %2 %5 %6 }

INTERFERENCE GRAPH FOR FUNCTION Non_Crossing_Biased_Descend

Physical Registers
R43's neighbors: { %7 }
R43's neighbors: { %17 }
R43's neighbors: { %21 %22 }
R43's neighbors: { %10 }
R43's neighbors: { %12 }
R43's neighbors: { %13 %14 }
R43's neighbors: { %6 }
R49's neighbors: { }
R49's neighbors: { }
R49's neighbors: { }
R49's neighbors: { }
R49's neighbors: { }
R49's neighbors: { }
R49's neighbors: { }
R49's neighbors: { }
R49's neighbors: { }
R49's neighbors: { }
R49's neighbors: { }
R49's neighbors: { }
R49's neighbors: { }
R49's neighbors: { }
R49's neighbors: { }
R49's neighbors: { }
R49's neighbors: { }
R49's neighbors: { }
R49's neighbors: { }
R49's neighbors: { }
R49's neighbors: { }
R112's neighbors: { }
R115's neighbors: { }

Virtual Registers
%0's neighbors: { %24 }
%1's neighbors: { %2 %24 }
%2's neighbors: { %1 %26 }
%3's neighbors: { %25 }
%4's neighbors: { %5 %25 }
%5's neighbors: { %4 %26 }
%6's neighbors: { R43 %26 }
%7's neighbors: { R43 }
%9's neighbors: { %10 %25 }
%10's neighbors: { R43 %9 }
%11's neighbors: { %12 %25 }
%12's neighbors: { R43 %11 }
%13's neighbors: { R43 %14 }
%14's neighbors: { R43 %13 }
%16's neighbors: { %17 %24 }
%17's neighbors: { R43 %16 }
%21's neighbors: { R43 %22 }
%22's neighbors: { R43 %21 }
%24's neighbors: { %0 %1 %16 }
%25's neighbors: { %3 %4 %9 %11 }
%26's neighbors: { %2 %5 %6 }

INTERFERENCE GRAPH FOR FUNCTION Own_Below_Threat

Physical Registers
R43's neighbors: { %3 }
R49's neighbors: { }
R112's neighbors: { }

Virtual Registers
%0's neighbors: { }
%2's neighbors: { %3 }
%3's neighbors: { R43 %2 }

INTERFERENCE GRAPH FOR FUNCTION Own_Above_Threat

Physical Registers
R43's neighbors: { %3 }
R49's neighbors: { }
R112's neighbors: { }

Virtual Registers
%0's neighbors: { }
%2's neighbors: { %3 }
%3's neighbors: { R43 %2 }

INTERFERENCE GRAPH FOR FUNCTION alt_sep_test

Physical Registers
R43's neighbors: { %24 %27 }
R43's neighbors: { %24 %26 %28 }
R43's neighbors: { %9 %24 %26 %30 }
R43's neighbors: { %9 %24 %31 }
R43's neighbors: { %13 }
R49's neighbors: { }
R49's neighbors: { }
R49's neighbors: { }
R49's neighbors: { }
R49's neighbors: { }
R49's neighbors: { }
R49's neighbors: { }
R49's neighbors: { }
R49's neighbors: { }
R49's neighbors: { }
R49's neighbors: { }
R49's neighbors: { }
R49's neighbors: { }
R49's neighbors: { }
R49's neighbors: { }
R49's neighbors: { }
R49's neighbors: { }
R49's neighbors: { }
R49's neighbors: { }
R49's neighbors: { }
R49's neighbors: { }
R49's neighbors: { }
R49's neighbors: { }
R49's neighbors: { }
R49's neighbors: { }
R49's neighbors: { }
R49's neighbors: { }
R49's neighbors: { }
R49's neighbors: { }
R112's neighbors: { }
R115's neighbors: { }

Virtual Registers
%0's neighbors: { %14 %36 }
%1's neighbors: { %2 %14 %36 }
%2's neighbors: { %1 %4 %5 %14 %23 %24 %37 }
%3's neighbors: { %5 %6 %23 %24 }
%4's neighbors: { %2 %23 %37 }
%5's neighbors: { %2 %3 %6 %23 %24 %37 %40 }
%6's neighbors: { %3 %5 %24 }
%7's neighbors: { %24 %26 %38 }
%8's neighbors: { %9 %24 %26 %38 }
%9's neighbors: { R43 R43 %8 %10 %11 %12 %24 %26 %30 %31 %33 %39 %40 }
%10's neighbors: { %9 %24 %39 }
%11's neighbors: { %9 %12 %24 %39 }
%12's neighbors: { %9 %11 %24 %33 %34 %40 }
%13's neighbors: { R43 %40 }
%14's neighbors: { %0 %1 %2 %23 %36 %37 }
%23's neighbors: { %2 %3 %4 %5 %14 %24 %37 %40 }
%24's neighbors: { R43 R43 R43 R43 %2 %3 %5 %6 %7 %8 %9 %10 %11 %12 %23 %26 %27 %28 %30 %31 %33 %34 %38 %39 %40 }
%26's neighbors: { R43 R43 %7 %8 %9 %24 %27 %28 %30 %38 %39 }
%27's neighbors: { R43 %24 %26 }
%28's neighbors: { R43 %24 %26 }
%30's neighbors: { R43 %9 %24 %26 }
%31's neighbors: { R43 %9 %24 }
%33's neighbors: { %9 %12 %24 %40 }
%34's neighbors: { %12 %24 %40 }
%36's neighbors: { %0 %1 %14 }
%37's neighbors: { %2 %4 %5 %14 %23 }
%38's neighbors: { %7 %8 %24 %26 }
%39's neighbors: { %9 %10 %11 %24 %26 }
%40's neighbors: { %5 %9 %12 %13 %23 %24 %33 %34 }

INTERFERENCE GRAPH FOR FUNCTION main

Physical Registers
R2's neighbors: { R43 %35 }
R2's neighbors: { R43 %35 }
R2's neighbors: { R43 %35 }
R2's neighbors: { R43 %35 }
R2's neighbors: { R43 %35 }
R2's neighbors: { R43 %1 %4 }
R2's neighbors: { R43 %1 %4 }
R2's neighbors: { R43 %1 %4 }
R2's neighbors: { R43 %1 %4 }
R2's neighbors: { R43 %1 %4 }
R2's neighbors: { R43 %1 %4 }
R2's neighbors: { R43 %1 %4 }
R2's neighbors: { R43 %1 %4 }
R2's neighbors: { R43 %1 %4 }
R2's neighbors: { R43 %1 %4 }
R2's neighbors: { R43 %1 %4 }
R2's neighbors: { R43 %4 }
R2's neighbors: { R43 %4 }
R43's neighbors: { R2 %35 }
R43's neighbors: { R2 %35 }
R43's neighbors: { R2 %35 }
R43's neighbors: { R2 %35 }
R43's neighbors: { R2 }
R43's neighbors: { R2 %1 %4 %5 }
R43's neighbors: { R2 %1 %4 %7 }
R43's neighbors: { R2 %1 %4 %9 }
R43's neighbors: { R2 %1 %4 %11 }
R43's neighbors: { R2 %1 %4 %13 }
R43's neighbors: { R2 %1 %4 %15 }
R43's neighbors: { R2 %1 %4 %17 }
R43's neighbors: { R2 %1 %4 %19 }
R43's neighbors: { R2 %1 %4 %21 }
R43's neighbors: { R2 %1 %4 %23 }
R43's neighbors: { R2 %1 %4 %25 }
R43's neighbors: { R2 %4 %27 }
R43's neighbors: { %4 %28 %29 }
R43's neighbors: { R2 }
R47's neighbors: { %0 %1 }
R47's neighbors: { %49 }
R47's neighbors: { %32 }
R48's neighbors: { %4 %29 }
R49's neighbors: { }
R49's neighbors: { }
R49's neighbors: { }
R49's neighbors: { }
R49's neighbors: { }
R49's neighbors: { }
R49's neighbors: { }
R49's neighbors: { }
R49's neighbors: { }
R49's neighbors: { }
R49's neighbors: { }
R49's neighbors: { }
R49's neighbors: { }
R49's neighbors: { }
R49's neighbors: { }
R49's neighbors: { }
R49's neighbors: { }
R49's neighbors: { }
R49's neighbors: { }
R49's neighbors: { }
R49's neighbors: { }
R49's neighbors: { }
R49's neighbors: { }
R49's neighbors: { }
R49's neighbors: { }
R49's neighbors: { }
R49's neighbors: { }
R49's neighbors: { }
R49's neighbors: { }
R49's neighbors: { }
R49's neighbors: { }
R49's neighbors: { }
R49's neighbors: { }
R49's neighbors: { }
R49's neighbors: { }
R49's neighbors: { }
R49's neighbors: { }
R49's neighbors: { }
R49's neighbors: { }
R49's neighbors: { }
R49's neighbors: { }
R49's neighbors: { }
R49's neighbors: { }
R49's neighbors: { }
R49's neighbors: { }
R49's neighbors: { }
R49's neighbors: { }
R49's neighbors: { }
R110's neighbors: { %33 %34 %35 }
R110's neighbors: { %35 %37 %38 }
R110's neighbors: { %35 %40 %41 }
R110's neighbors: { %35 %43 %44 }
R110's neighbors: { %35 %46 %47 }
R110's neighbors: { %1 %3 %4 }
R110's neighbors: { %1 %4 %6 }
R110's neighbors: { %1 %4 %8 }
R110's neighbors: { %1 %4 %10 }
R110's neighbors: { %1 %4 %12 }
R110's neighbors: { %1 %4 %14 }
R110's neighbors: { %1 %4 %16 }
R110's neighbors: { %1 %4 %18 }
R110's neighbors: { %1 %4 %20 }
R110's neighbors: { %1 %4 %22 }
R110's neighbors: { %1 %4 %24 }
R110's neighbors: { %4 %26 }
R110's neighbors: { %4 %28 %29 %30 }
R112's neighbors: { }
R114's neighbors: { %1 }
R114's neighbors: { %34 %35 }
R114's neighbors: { %35 %38 }
R114's neighbors: { %35 %41 }
R114's neighbors: { %35 %43 }
R114's neighbors: { %35 %46 }
R114's neighbors: { %4 %29 %30 }
R115's neighbors: { }

Virtual Registers
%0's neighbors: { R47 %1 }
%1's neighbors: { R2 R2 R2 R2 R2 R2 R2 R2 R2 R2 R2 R43 R43 R43 R43 R43 R43 R43 R43 R43 R43 R43 R47 R110 R110 R110 R110 R110 R110 R110 R110 R110 R110 R110 R114 %0 %3 %4 %5 %6 %7 %8 %9 %10 %11 %12 %13 %14 %15 %16 %17 %18 %19 %20 %21 %22 %23 %24 %25 %26 }
%3's neighbors: { R110 %1 %4 }
%4's neighbors: { R2 R2 R2 R2 R2 R2 R2 R2 R2 R2 R2 R2 R2 R43 R43 R43 R43 R43 R43 R43 R43 R43 R43 R43 R43 R43 R48 R110 R110 R110 R110 R110 R110 R110 R110 R110 R110 R110 R110 R110 R114 %1 %3 %5 %6 %7 %8 %9 %10 %11 %12 %13 %14 %15 %16 %17 %18 %19 %20 %21 %22 %23 %24 %25 %26 %27 %28 %29 %30 }
%5's neighbors: { R43 %1 %4 }
%6's neighbors: { R110 %1 %4 }
%7's neighbors: { R43 %1 %4 }
%8's neighbors: { R110 %1 %4 }
%9's neighbors: { R43 %1 %4 }
%10's neighbors: { R110 %1 %4 }
%11's neighbors: { R43 %1 %4 }
%12's neighbors: { R110 %1 %4 }
%13's neighbors: { R43 %1 %4 }
%14's neighbors: { R110 %1 %4 }
%15's neighbors: { R43 %1 %4 }
%16's neighbors: { R110 %1 %4 }
%17's neighbors: { R43 %1 %4 }
%18's neighbors: { R110 %1 %4 }
%19's neighbors: { R43 %1 %4 }
%20's neighbors: { R110 %1 %4 }
%21's neighbors: { R43 %1 %4 }
%22's neighbors: { R110 %1 %4 }
%23's neighbors: { R43 %1 %4 }
%24's neighbors: { R110 %1 %4 }
%25's neighbors: { R43 %1 %4 }
%26's neighbors: { R110 %1 %4 }
%27's neighbors: { R43 %4 }
%28's neighbors: { R43 R110 %4 %29 %30 }
%29's neighbors: { R43 R48 R110 R114 %4 %28 %30 }
%30's neighbors: { R110 R114 %4 %28 %29 }
%32's neighbors: { R47 }
%33's neighbors: { R110 %34 %35 }
%34's neighbors: { R110 R114 %33 %35 }
%35's neighbors: { R2 R2 R2 R2 R2 R43 R43 R43 R43 R110 R110 R110 R110 R110 R114 R114 R114 R114 R114 %33 %34 %37 %38 %40 %41 %43 %44 %46 %47 }
%37's neighbors: { R110 %35 %38 }
%38's neighbors: { R110 R114 %35 %37 }
%40's neighbors: { R110 %35 %41 }
%41's neighbors: { R110 R114 %35 %40 }
%43's neighbors: { R110 R114 %35 %44 }
%44's neighbors: { R110 %35 %43 }
%46's neighbors: { R110 R114 %35 %47 }
%47's neighbors: { R110 %35 %46 }
%49's neighbors: { R47 }
gcc -lm tcas.s -o tcas.exe
