clang -emit-llvm -O0 -c try.c -o try.bc
try.c:39:48: warning: format specifies type 'double' but the argument has type 'int' [-Wformat]
  printf("%d %d %d %f %f %d %d %d\n", a, b, c, d, e, x, y, z);
                   ~~                          ^
                   %d
1 warning generated.
opt -mem2reg try.bc > try.mem2reg
mv try.mem2reg try.bc
llc -optimize-regalloc=0 -load Debug/lib/P4.so -regalloc=gc try.bc

INTERFERENCE GRAPH FOR FUNCTION abc

Physical Registers
R2's neighbors: { R43 %11 %23 }
R43's neighbors: { R2 %11 }
R43's neighbors: { %11 }
R46's neighbors: { %9 %11 %23 }
R47's neighbors: { %12 %13 %14 }
R48's neighbors: { %14 }
R48's neighbors: { %9 %10 %11 %23 }
R49's neighbors: { }
R49's neighbors: { }
R49's neighbors: { }
R49's neighbors: { }
R49's neighbors: { }
R49's neighbors: { }
R49's neighbors: { }
R53's neighbors: { %13 %14 }
R53's neighbors: { %9 %10 %11 %23 }
R110's neighbors: { %9 %10 %11 %22 %23 }
R112's neighbors: { }
R115's neighbors: { }
R129's neighbors: { %15 %16 }
R129's neighbors: { %7 %8 }
R130's neighbors: { %16 }
R130's neighbors: { %7 }

Virtual Registers
%0's neighbors: { %1 %2 %3 %4 %13 %14 %25 %26 %29 %30 %31 }
%1's neighbors: { %0 %13 %14 %25 }
%2's neighbors: { %0 %3 %4 %13 %14 %26 %29 %30 }
%3's neighbors: { %0 %2 %4 %26 %29 }
%4's neighbors: { %0 %2 %3 %26 }
%5's neighbors: { %6 %15 %21 %27 %28 }
%6's neighbors: { %5 %15 %16 %21 %27 }
%7's neighbors: { R129 R130 %8 %27 %28 }
%8's neighbors: { R129 %7 %28 }
%9's neighbors: { R46 R48 R53 R110 %10 %11 %22 %23 %29 %30 %31 }
%10's neighbors: { R48 R53 R110 %9 %11 %22 %23 %30 %31 }
%11's neighbors: { R2 R43 R43 R46 R48 R53 R110 %9 %10 %22 %23 %31 }
%12's neighbors: { R47 %13 %14 %25 %29 %30 %31 }
%13's neighbors: { R47 R53 %0 %1 %2 %12 %14 %25 %29 %30 %31 }
%14's neighbors: { R47 R48 R53 %0 %1 %2 %12 %13 %25 %26 %29 %30 %31 }
%15's neighbors: { R129 %5 %6 %16 %18 %20 %21 %27 %28 }
%16's neighbors: { R129 R130 %6 %15 %18 %20 %21 %27 %28 }
%18's neighbors: { %15 %16 }
%20's neighbors: { %15 %16 }
%21's neighbors: { %5 %6 %15 %16 }
%22's neighbors: { R110 %9 %10 %11 %23 }
%23's neighbors: { R2 R46 R48 R53 R110 %9 %10 %11 %22 }
%25's neighbors: { %0 %1 %12 %13 %14 %29 %30 %31 }
%26's neighbors: { %0 %2 %3 %4 %14 }
%27's neighbors: { %5 %6 %7 %15 %16 %28 }
%28's neighbors: { %5 %7 %8 %15 %16 %27 }
%29's neighbors: { %0 %2 %3 %9 %12 %13 %14 %25 %30 %31 }
%30's neighbors: { %0 %2 %9 %10 %12 %13 %14 %25 %29 %31 }
%31's neighbors: { %0 %9 %10 %11 %12 %13 %14 %25 %29 %30 }

INTERFERENCE GRAPH FOR FUNCTION main

Physical Registers
R2's neighbors: { R43 %22 }
R43's neighbors: { %1 %2 %4 %5 %6 %32 }
R43's neighbors: { R2 }
R43's neighbors: { %24 }
R46's neighbors: { %0 %1 %20 %22 }
R47's neighbors: { %1 %2 %4 %5 %6 }
R48's neighbors: { %1 %2 %4 %5 %6 }
R48's neighbors: { %0 %1 %2 %20 %22 }
R49's neighbors: { }
R49's neighbors: { }
R49's neighbors: { }
R49's neighbors: { }
R49's neighbors: { }
R49's neighbors: { }
R49's neighbors: { }
R49's neighbors: { }
R49's neighbors: { }
R53's neighbors: { %1 %2 %4 %5 %6 }
R53's neighbors: { %0 %1 %2 %3 %20 %22 }
R76's neighbors: { %0 %20 %22 }
R80's neighbors: { %20 %22 }
R110's neighbors: { %0 %1 %2 %3 %20 %21 %22 }
R112's neighbors: { }
R115's neighbors: { }
R129's neighbors: { %26 %31 }
R129's neighbors: { %26 }
R130's neighbors: { %26 }

Virtual Registers
%0's neighbors: { R46 R48 R53 R76 R110 %1 %2 %3 %4 %8 %14 %15 %16 %20 %21 %22 %27 %33 %34 %35 %36 %37 }
%1's neighbors: { R43 R46 R47 R48 R48 R53 R53 R110 %0 %2 %3 %4 %5 %6 %7 %8 %14 %15 %16 %20 %21 %22 %27 %32 %33 %34 %35 %36 %37 }
%2's neighbors: { R43 R47 R48 R48 R53 R53 R110 %0 %1 %3 %4 %5 %6 %7 %8 %14 %15 %16 %20 %21 %22 %32 %33 %34 %35 %36 %37 }
%3's neighbors: { R53 R110 %0 %1 %2 %4 %5 %6 %8 %14 %15 %16 %20 %21 %22 %27 %33 %34 %35 %36 %37 }
%4's neighbors: { R43 R47 R48 R53 %0 %1 %2 %3 %5 %6 %7 %32 %33 %34 %35 %36 %37 }
%5's neighbors: { R43 R47 R48 R53 %1 %2 %3 %4 %6 %7 %32 %33 %34 %35 %36 }
%6's neighbors: { R43 R47 R48 R53 %1 %2 %3 %4 %5 %7 %32 %33 }
%7's neighbors: { %1 %2 %4 %5 %6 %32 %33 %34 }
%8's neighbors: { %0 %1 %2 %3 %27 %33 %34 %35 }
%9's neighbors: { %10 %11 %12 %13 %33 }
%10's neighbors: { %9 %11 %12 %13 %33 %34 }
%11's neighbors: { %9 %10 %12 %13 %33 %34 %35 }
%12's neighbors: { %9 %10 %11 %13 %33 %34 %35 %36 }
%13's neighbors: { %9 %10 %11 %12 %33 %34 %35 %36 %37 }
%14's neighbors: { %0 %1 %2 %3 %15 %16 }
%15's neighbors: { %0 %1 %2 %3 %14 %16 }
%16's neighbors: { %0 %1 %2 %3 %14 %15 }
%17's neighbors: { %19 %26 }
%19's neighbors: { %17 %26 }
%20's neighbors: { R46 R48 R53 R76 R80 R110 %0 %1 %2 %3 %21 %22 }
%21's neighbors: { R110 %0 %1 %2 %3 %20 %22 }
%22's neighbors: { R2 R46 R48 R53 R76 R80 R110 %0 %1 %2 %3 %20 %21 }
%24's neighbors: { R43 }
%25's neighbors: { %26 }
%26's neighbors: { R129 R129 R130 %17 %19 %25 %28 %30 %31 }
%27's neighbors: { %0 %1 %3 %8 %33 %34 %35 %36 %37 }
%28's neighbors: { %26 %30 }
%30's neighbors: { %26 %28 }
%31's neighbors: { R129 %26 }
%32's neighbors: { R43 %1 %2 %4 %5 %6 %7 }
%33's neighbors: { %0 %1 %2 %3 %4 %5 %6 %7 %8 %9 %10 %11 %12 %13 %27 %34 %35 %36 %37 }
%34's neighbors: { %0 %1 %2 %3 %4 %5 %7 %8 %10 %11 %12 %13 %27 %33 %35 %36 %37 }
%35's neighbors: { %0 %1 %2 %3 %4 %5 %8 %11 %12 %13 %27 %33 %34 %36 %37 }
%36's neighbors: { %0 %1 %2 %3 %4 %5 %12 %13 %27 %33 %34 %35 %37 }
%37's neighbors: { %0 %1 %2 %3 %4 %13 %27 %33 %34 %35 %36 }
gcc -lm try.s -o try.exe
