4 5 13 14.000000 8.000000
5 5 20 21.000000 8.000000
6 5 27 28.000000 8.000000
7 5 34 35.000000 8.000000
7 5 27 7.000000 0.000000 34 0 39
