clang -emit-llvm -O0 -c tst-array.c -o tst-array.bc
opt -mem2reg tst-array.bc > tst-array.mem2reg
mv tst-array.mem2reg tst-array.bc
llc -optimize-regalloc=0 -load Debug/lib/P4.so -regalloc=gc tst-array.bc

INITIAL LIVE RANGES FOR FUNCTION main

Physical Registers
R2: { %50 %51 }
R2: { %60 %61 }
R43: { %51 }
R43: { %61 }
R43: { %64 %65 }
R49: { %5 }
R49: { %11 }
R49: { %13 }
R49: { %18 %19 }
R49: { %29 %30 }
R49: { %33 }
R49: { %37 }
R49: { %43 %44 }
R49: { %47 }
R49: { %52 }
R49: { %56 }
R49: { %58 }
R49: { %62 }
R49: { %63 }
R53: { %49 %50 %51 }
R106: { %10 %11 %12 }
R110: { %8 %9 %10 }
R110: { %48 %49 %50 %51 }
R110: { %59 %60 %61 }
R112: { %1 %2 %3 }
R114: { %9 %10 }
R115: { %1 %2 %3 %4 %5 }
R115: { %5 %6 %7 %8 %9 %10 %16 %17 %18 %19 %20 %21 %22 %23 %24 %25 %26 %27 %28 %29 %30 %31 %32 %33 %34 %35 %36 %37 %38 %39 %40 %41 %42 %43 %44 %45 %46 %47 %56 }
R115: { %10 %11 %16 %17 %18 %19 %20 %21 %22 %23 %24 %25 %26 %27 %28 %29 %30 %31 %32 %33 %34 %35 %36 %37 %38 %39 %40 %41 %42 %43 %44 %45 %46 %47 %56 }
R115: { %11 %12 %13 %14 %15 %16 %17 %18 %19 %20 %21 %22 %23 %24 %25 %26 %27 %28 %29 %30 %31 %32 %33 %34 %35 %36 %37 %38 %39 %40 %41 %42 %43 %44 %45 %46 %47 %56 }
R115: { %41 %42 %43 %44 %45 %46 %47 %48 %49 %50 %51 %56 }
R115: { %41 %42 %43 %44 %45 %46 %47 %51 %52 %56 }
R115: { %41 %42 %43 %44 %45 %46 %47 %52 %53 %54 %55 %56 }
R115: { %56 %57 %58 %59 %60 %61 }
R115: { %61 %62 }
R115: { %62 }

Virtual Registers
%0: { %14 %15 %16 %17 %18 %19 %20 %21 %22 %23 %24 %25 %26 %27 %28 %29 %30 %31 %32 %33 %34 %35 %36 %37 %38 %39 %40 %41 %42 %43 %44 %45 %46 %47 %48 %49 %50 %51 %52 %53 %54 %55 }
%1: { %16 %17 %18 %19 %22 %23 %24 }
%2: { %24 %25 }
%3: { %27 %28 %29 %30 %36 %37 %38 }
%4: { %38 %39 }
%5: { %41 %42 %43 %44 %45 %46 %47 %48 %49 %50 %51 %52 %53 }
%6: { %53 %54 }
%7: { %13 %14 %15 %16 %17 %18 %19 %20 %22 %23 %24 %25 %26 }
%8: { %1 %2 }
%9: { %3 %4 }
%10: { %6 %7 %8 }
%11: { %7 %8 %9 }
%12: { %12 %13 %14 }
%14: { %17 %18 }
%16: { %31 %32 %33 %34 }
%17: { %28 %29 }
%19: { %42 %43 }
%20: { %57 %58 %59 }
%21: { %58 %59 %60 }
%23: { %63 %64 }
%24: { %46 %47 %48 %49 }
%25: { %32 %33 %34 %35 %41 %42 %43 %44 %45 %46 %47 %48 %49 %50 %51 %52 %53 %54 %55 }
%26: { %33 %34 %35 %41 %42 %43 %44 %45 %46 %47 %48 %49 %50 %51 %52 %53 %54 %55 }
%28: { %36 %37 }
%29: { %22 %23 }
%30: { %15 %16 }
%30: { %16 %25 %26 }
%31: { %20 %21 %27 }
%31: { %27 %39 %40 }
%32: { %34 %35 %41 }
%32: { %41 %54 %55 }


FINAL LIVE RANGES FOR FUNCTION main

Physical Registers
R2: { %50 %51 }
R2: { %60 %61 }
R43: { %51 }
R43: { %61 }
R43: { %64 %65 }
R49: { %5 }
R49: { %11 }
R49: { %13 }
R49: { %18 %19 }
R49: { %29 %30 }
R49: { %33 }
R49: { %37 }
R49: { %43 %44 }
R49: { %47 }
R49: { %52 }
R49: { %56 }
R49: { %58 }
R49: { %62 }
R49: { %63 }
R53: { %49 %50 %51 }
R106: { %10 %11 %12 }
R110: { %8 %9 %10 }
R110: { %48 %49 %50 %51 }
R110: { %59 %60 %61 }
R112: { %1 %2 %3 }
R114: { %9 %10 }
R115: { %1 %2 %3 %4 %5 %6 %7 %8 %9 %10 %11 %12 %13 %14 %15 %16 %17 %18 %19 %20 %21 %22 %23 %24 %25 %26 %27 %28 %29 %30 %31 %32 %33 %34 %35 %36 %37 %38 %39 %40 %41 %42 %43 %44 %45 %46 %47 %48 %49 %50 %51 %52 %53 %54 %55 %56 %57 %58 %59 %60 %61 %62 }

Virtual Registers
%0: { %14 %15 %16 %17 %18 %19 %20 %21 %22 %23 %24 %25 %26 %27 %28 %29 %30 %31 %32 %33 %34 %35 %36 %37 %38 %39 %40 %41 %42 %43 %44 %45 %46 %47 %48 %49 %50 %51 %52 %53 %54 %55 }
%1: { %16 %17 %18 %19 %22 %23 %24 }
%2: { %24 %25 }
%3: { %27 %28 %29 %30 %36 %37 %38 }
%4: { %38 %39 }
%5: { %41 %42 %43 %44 %45 %46 %47 %48 %49 %50 %51 %52 %53 }
%6: { %53 %54 }
%7: { %13 %14 %15 %16 %17 %18 %19 %20 %22 %23 %24 %25 %26 }
%8: { %1 %2 }
%9: { %3 %4 }
%10: { %6 %7 %8 }
%11: { %7 %8 %9 }
%12: { %12 %13 %14 }
%14: { %17 %18 }
%16: { %31 %32 %33 %34 }
%17: { %28 %29 }
%19: { %42 %43 }
%20: { %57 %58 %59 }
%21: { %58 %59 %60 }
%23: { %63 %64 }
%24: { %46 %47 %48 %49 }
%25: { %32 %33 %34 %35 %41 %42 %43 %44 %45 %46 %47 %48 %49 %50 %51 %52 %53 %54 %55 }
%26: { %33 %34 %35 %41 %42 %43 %44 %45 %46 %47 %48 %49 %50 %51 %52 %53 %54 %55 }
%28: { %36 %37 }
%29: { %22 %23 }
%30: { %15 %16 %25 %26 }
%31: { %20 %21 %27 %39 %40 }
%32: { %34 %35 %41 %54 %55 }

gcc -lm tst-array.s -o tst-array.exe
